---
source: tui/src/pager_overlay.rs
expression: snapshot
---
/ T R A N S C R I P T / / / / / / / / / / / / / / / / / / / / / / / / / / / / /
• Added foo.txt (+2 -0)
    1 +hello
    2 +world

• Added foo.txt (+2 -0)
    1 +hello
    2 +world
─────────────────────────────────────────────────────────────────────────── 0% ─
 ↑/↓ to scroll   Page Up (Fn+↑)/Page Down (Fn+↓) to page   Home (Fn+←)/End (Fn+→
 q to quit   esc to edit prev
