---
source: tui/src/pager_overlay.rs
expression: term.backend()
---
"/ S T A T I C / / / / / / / / / / / / / "
"one                                     "
"two                                     "
"three                                   "
"~                                       "
"~                                       "
"───────────────────────────────── 100% ─"
" ↑/↓ to scroll   Page Up (Fn+↑)/Page Dow"
" q to quit                              "
"                                        "
