---
source: tui/src/pager_overlay.rs
expression: term.backend()
---
"/ T R A N S C R I P T / / / / / / / / / "
"alpha                                   "
"                                        "
"beta                                    "
"                                        "
"gamma                                   "
"───────────────────────────────── 100% ─"
" ↑/↓ to scroll   Page Up (Fn+↑)/Page Dow"
" q to quit   esc to edit prev           "
"                                        "
