---
source: tui/src/bottom_pane/footer.rs
expression: terminal.backend()
---
"  / for commands                            Shift ⇧ + Enter for newline         "
"  @ for file paths                          Control ⌃ + v to paste images       "
"  esc again to edit previous message        Control ⌃ + c to exit               "
"                                            Control ⌃ + t to view transcript    "
