---
source: tui/src/bottom_pane/footer.rs
expression: terminal.backend()
---
"  Control âŒƒ + c again to quit                                                   "
